In file included from <built-in>:2:
In file included from /virtual/include/bcc/bpf.h:12:
In file included from include/linux/types.h:6:
In file included from include/uapi/linux/types.h:14:
In file included from include/uapi/linux/posix_types.h:5:
In file included from include/linux/stddef.h:5:
In file included from include/uapi/linux/stddef.h:5:
In file included from include/linux/compiler_types.h:148:
include/linux/compiler-clang.h:45:9: warning: '__HAVE_BUILTIN_BSWAP32__' macro redefined [-Wmacro-redefined]
#define __HAVE_BUILTIN_BSWAP32__
        ^
<command line>:4:9: note: previous definition is here
#define __HAVE_BUILTIN_BSWAP32__ 1
        ^
In file included from <built-in>:2:
In file included from /virtual/include/bcc/bpf.h:12:
In file included from include/linux/types.h:6:
In file included from include/uapi/linux/types.h:14:
In file included from include/uapi/linux/posix_types.h:5:
In file included from include/linux/stddef.h:5:
In file included from include/uapi/linux/stddef.h:5:
In file included from include/linux/compiler_types.h:148:
include/linux/compiler-clang.h:46:9: warning: '__HAVE_BUILTIN_BSWAP64__' macro redefined [-Wmacro-redefined]
#define __HAVE_BUILTIN_BSWAP64__
        ^
<command line>:5:9: note: previous definition is here
#define __HAVE_BUILTIN_BSWAP64__ 1
        ^
In file included from <built-in>:2:
In file included from /virtual/include/bcc/bpf.h:12:
In file included from include/linux/types.h:6:
In file included from include/uapi/linux/types.h:14:
In file included from include/uapi/linux/posix_types.h:5:
In file included from include/linux/stddef.h:5:
In file included from include/uapi/linux/stddef.h:5:
In file included from include/linux/compiler_types.h:148:
include/linux/compiler-clang.h:47:9: warning: '__HAVE_BUILTIN_BSWAP16__' macro redefined [-Wmacro-redefined]
#define __HAVE_BUILTIN_BSWAP16__
        ^
<command line>:3:9: note: previous definition is here
#define __HAVE_BUILTIN_BSWAP16__ 1
        ^
3 warnings generated.
/home/sslab/mqtt-ebpf-edge/bpf/eda_rl.py:187: DeprecationWarning: Callback API version 1 is deprecated, update to latest version
  cli = mqtt.Client(client_id="eda-agent")
In file included from <built-in>:2:
In file included from /virtual/include/bcc/bpf.h:12:
In file included from include/linux/types.h:6:
In file included from include/uapi/linux/types.h:14:
In file included from include/uapi/linux/posix_types.h:5:
In file included from include/linux/stddef.h:5:
In file included from include/uapi/linux/stddef.h:5:
In file included from include/linux/compiler_types.h:148:
include/linux/compiler-clang.h:45:9: warning: '__HAVE_BUILTIN_BSWAP32__' macro redefined [-Wmacro-redefined]
#define __HAVE_BUILTIN_BSWAP32__
        ^
<command line>:4:9: note: previous definition is here
#define __HAVE_BUILTIN_BSWAP32__ 1
        ^
In file included from <built-in>:2:
In file included from /virtual/include/bcc/bpf.h:12:
In file included from include/linux/types.h:6:
In file included from include/uapi/linux/types.h:14:
In file included from include/uapi/linux/posix_types.h:5:
In file included from include/linux/stddef.h:5:
In file included from include/uapi/linux/stddef.h:5:
In file included from include/linux/compiler_types.h:148:
include/linux/compiler-clang.h:46:9: warning: '__HAVE_BUILTIN_BSWAP64__' macro redefined [-Wmacro-redefined]
#define __HAVE_BUILTIN_BSWAP64__
        ^
<command line>:5:9: note: previous definition is here
#define __HAVE_BUILTIN_BSWAP64__ 1
        ^
In file included from <built-in>:2:
In file included from /virtual/include/bcc/bpf.h:12:
In file included from include/linux/types.h:6:
In file included from include/uapi/linux/types.h:14:
In file included from include/uapi/linux/posix_types.h:5:
In file included from include/linux/stddef.h:5:
In file included from include/uapi/linux/stddef.h:5:
In file included from include/linux/compiler_types.h:148:
include/linux/compiler-clang.h:47:9: warning: '__HAVE_BUILTIN_BSWAP16__' macro redefined [-Wmacro-redefined]
#define __HAVE_BUILTIN_BSWAP16__
        ^
<command line>:3:9: note: previous definition is here
#define __HAVE_BUILTIN_BSWAP16__ 1
        ^
3 warnings generated.
/home/sslab/mqtt-ebpf-edge/bpf/eda_rl.py:187: DeprecationWarning: Callback API version 1 is deprecated, update to latest version
  cli = mqtt.Client(client_id="eda-agent")
